---
source: crates/parser/tests/structs.rs
expression: ast
---
{
  "body": [
    {
      "StructDef": {
        "id": {
          "name": "MyFirstStruct"
        },
        "properties": [
          {
            "id": {
              "name": "foo"
            },
            "value": {
              "Literal": {
                "String": "\"bar\""
              }
            }
          },
          {
            "id": {
              "name": "nested"
            },
            "value": {
              "ObjectExpression": {
                "properties": [
                  {
                    "id": {
                      "name": "fields"
                    },
                    "value": {
                      "Literal": {
                        "String": "\"hello\""
                      }
                    }
                  },
                  {
                    "id": {
                      "name": "nested_again"
                    },
                    "value": {
                      "ObjectExpression": {
                        "properties": [
                          {
                            "id": {
                              "name": "number"
                            },
                            "value": {
                              "Literal": {
                                "Integer": 1234
                              }
                            }
                          },
                          {
                            "id": {
                              "name": "decimal"
                            },
                            "value": {
                              "Literal": {
                                "Float": 12.23
                              }
                            }
                          }
                        ]
                      }
                    }
                  }
                ]
              }
            }
          },
          {
            "id": {
              "name": "identifiers"
            },
            "value": {
              "Identifier": {
                "name": "AnotherStruct"
              }
            }
          }
        ]
      }
    },
    {
      "StructDef": {
        "id": {
          "name": "AnotherStruct"
        },
        "properties": [
          {
            "id": {
              "name": "id"
            },
            "value": {
              "Literal": {
                "String": "\"hello\""
              }
            }
          }
        ]
      }
    }
  ]
}
